[ debug - Sun Aug  9 00:36:12 2026]: Created the objects
TravelSimulator.cpp: 30 - main
[ debug - Sun Aug  9 00:36:12 2026]: Added the fuel
TravelSimulator.cpp: 43 - main
[ debug - Sun Aug  9 00:36:12 2026]: Set the efficiency
TravelSimulator.cpp: 55 - main
[ warning - Sun Aug  9 00:36:12 2026]: The grey 2013 Toyota Corolla is full of gas. Discarding the rest...

Automobile.cpp: 30 - addFuel
[ warning - Sun Aug  9 00:36:12 2026]: The red 2012 Honda Civic is full of gas. Discarding the rest...

Automobile.cpp: 30 - addFuel
[ warning - Sun Aug  9 00:36:12 2026]: The blue 2008 Chevrolet Impala is full of gas. Discarding the rest...

Automobile.cpp: 30 - addFuel
[ warning - Sun Aug  9 00:36:12 2026]: The black 2016 Cadillac Escalade is full of gas. Discarding the rest...

Automobile.cpp: 30 - addFuel
[ debug - Sun Aug  9 00:36:12 2026]: Added the fuel again
TravelSimulator.cpp: 61 - main
[ debug - Sun Aug  9 00:36:12 2026]: Drove the cars
TravelSimulator.cpp: 72 - main
[ debug - Sun Aug  9 00:36:13 2026]: Added the fuel
TravelSimulator.cpp: 43 - main
[ error - Sun Aug  9 00:36:13 2026]: The black 2016 Cadillac Escalade has no gas left in the tank

Automobile.cpp: 43 - drive
[ debug - Sun Aug  9 00:36:13 2026]: Set the efficiency
TravelSimulator.cpp: 55 - main
[ warning - Sun Aug  9 00:36:13 2026]: The grey 2013 Toyota Corolla is full of gas. Discarding the rest...

Automobile.cpp: 30 - addFuel
[ warning - Sun Aug  9 00:36:13 2026]: The red 2012 Honda Civic is full of gas. Discarding the rest...

Automobile.cpp: 30 - addFuel
[ warning - Sun Aug  9 00:36:13 2026]: The blue 2008 Chevrolet Impala is full of gas. Discarding the rest...

Automobile.cpp: 30 - addFuel
[ debug - Sun Aug  9 00:36:13 2026]: Added the fuel again
TravelSimulator.cpp: 61 - main
[ debug - Sun Aug  9 00:36:13 2026]: Drove the cars
TravelSimulator.cpp: 72 - main
[ debug - Sun Aug  9 00:36:14 2026]: Added the fuel
TravelSimulator.cpp: 43 - main
[ error - Sun Aug  9 00:36:14 2026]: The blue 2008 Chevrolet Impala has no gas left in the tank

Automobile.cpp: 43 - drive
[ error - Sun Aug  9 00:36:14 2026]: The black 2016 Cadillac Escalade has no gas left in the tank

Automobile.cpp: 43 - drive
[ debug - Sun Aug  9 00:36:14 2026]: Set the efficiency
TravelSimulator.cpp: 55 - main
[ warning - Sun Aug  9 00:36:14 2026]: The grey 2013 Toyota Corolla is full of gas. Discarding the rest...

Automobile.cpp: 30 - addFuel
[ warning - Sun Aug  9 00:36:14 2026]: The red 2012 Honda Civic is full of gas. Discarding the rest...

Automobile.cpp: 30 - addFuel
[ debug - Sun Aug  9 00:36:14 2026]: Added the fuel again
TravelSimulator.cpp: 61 - main
[ debug - Sun Aug  9 00:36:14 2026]: Drove the cars
TravelSimulator.cpp: 72 - main
[ debug - Sun Aug  9 00:36:15 2026]: Added the fuel
TravelSimulator.cpp: 43 - main
[ debug - Sun Aug  9 00:36:15 2026]: Set the efficiency
TravelSimulator.cpp: 55 - main
[ warning - Sun Aug  9 00:36:15 2026]: The grey 2013 Toyota Corolla is full of gas. Discarding the rest...

Automobile.cpp: 30 - addFuel
[ warning - Sun Aug  9 00:36:15 2026]: The red 2012 Honda Civic is full of gas. Discarding the rest...

Automobile.cpp: 30 - addFuel
[ warning - Sun Aug  9 00:36:15 2026]: The blue 2008 Chevrolet Impala is full of gas. Discarding the rest...

Automobile.cpp: 30 - addFuel
[ warning - Sun Aug  9 00:36:15 2026]: The black 2016 Cadillac Escalade is full of gas. Discarding the rest...

Automobile.cpp: 30 - addFuel
[ debug - Sun Aug  9 00:36:15 2026]: Added the fuel again
TravelSimulator.cpp: 61 - main
[ debug - Sun Aug  9 00:36:15 2026]: Drove the cars
TravelSimulator.cpp: 72 - main
[ debug - Sun Aug  9 00:36:16 2026]: Added the fuel
TravelSimulator.cpp: 43 - main
[ error - Sun Aug  9 00:36:16 2026]: The black 2016 Cadillac Escalade has no gas left in the tank

Automobile.cpp: 43 - drive
[ debug - Sun Aug  9 00:36:16 2026]: Set the efficiency
TravelSimulator.cpp: 55 - main
[ warning - Sun Aug  9 00:36:16 2026]: The grey 2013 Toyota Corolla is full of gas. Discarding the rest...

Automobile.cpp: 30 - addFuel
[ warning - Sun Aug  9 00:36:16 2026]: The red 2012 Honda Civic is full of gas. Discarding the rest...

Automobile.cpp: 30 - addFuel
[ warning - Sun Aug  9 00:36:16 2026]: The blue 2008 Chevrolet Impala is full of gas. Discarding the rest...

Automobile.cpp: 30 - addFuel
[ debug - Sun Aug  9 00:36:16 2026]: Added the fuel again
TravelSimulator.cpp: 61 - main
[ debug - Sun Aug  9 00:36:16 2026]: Drove the cars
TravelSimulator.cpp: 72 - main
[ debug - Sun Aug  9 00:36:17 2026]: Added the fuel
TravelSimulator.cpp: 43 - main
[ debug - Sun Aug  9 00:36:17 2026]: Set the efficiency
TravelSimulator.cpp: 55 - main
[ warning - Sun Aug  9 00:36:17 2026]: The grey 2013 Toyota Corolla is full of gas. Discarding the rest...

Automobile.cpp: 30 - addFuel
[ warning - Sun Aug  9 00:36:17 2026]: The red 2012 Honda Civic is full of gas. Discarding the rest...

Automobile.cpp: 30 - addFuel
[ warning - Sun Aug  9 00:36:17 2026]: The blue 2008 Chevrolet Impala is full of gas. Discarding the rest...

Automobile.cpp: 30 - addFuel
[ warning - Sun Aug  9 00:36:17 2026]: The black 2016 Cadillac Escalade is full of gas. Discarding the rest...

Automobile.cpp: 30 - addFuel
[ debug - Sun Aug  9 00:36:17 2026]: Added the fuel again
TravelSimulator.cpp: 61 - main
[ debug - Sun Aug  9 00:36:17 2026]: Drove the cars
TravelSimulator.cpp: 72 - main
[ debug - Sun Aug  9 00:36:18 2026]: Added the fuel
TravelSimulator.cpp: 43 - main
[ error - Sun Aug  9 00:36:18 2026]: The black 2016 Cadillac Escalade has no gas left in the tank

Automobile.cpp: 43 - drive
[ debug - Sun Aug  9 00:36:18 2026]: Set the efficiency
TravelSimulator.cpp: 55 - main
[ warning - Sun Aug  9 00:36:18 2026]: The grey 2013 Toyota Corolla is full of gas. Discarding the rest...

Automobile.cpp: 30 - addFuel
[ warning - Sun Aug  9 00:36:18 2026]: The red 2012 Honda Civic is full of gas. Discarding the rest...

Automobile.cpp: 30 - addFuel
[ warning - Sun Aug  9 00:36:18 2026]: The blue 2008 Chevrolet Impala is full of gas. Discarding the rest...

Automobile.cpp: 30 - addFuel
[ debug - Sun Aug  9 00:36:18 2026]: Added the fuel again
TravelSimulator.cpp: 61 - main
[ debug - Sun Aug  9 00:36:18 2026]: Drove the cars
TravelSimulator.cpp: 72 - main
[ debug - Sun Aug  9 00:36:19 2026]: Added the fuel
TravelSimulator.cpp: 43 - main
[ error - Sun Aug  9 00:36:19 2026]: The blue 2008 Chevrolet Impala has no gas left in the tank

Automobile.cpp: 43 - drive
[ error - Sun Aug  9 00:36:19 2026]: The black 2016 Cadillac Escalade has no gas left in the tank

Automobile.cpp: 43 - drive
[ debug - Sun Aug  9 00:36:19 2026]: Set the efficiency
TravelSimulator.cpp: 55 - main
[ warning - Sun Aug  9 00:36:19 2026]: The grey 2013 Toyota Corolla is full of gas. Discarding the rest...

Automobile.cpp: 30 - addFuel
[ warning - Sun Aug  9 00:36:19 2026]: The red 2012 Honda Civic is full of gas. Discarding the rest...

Automobile.cpp: 30 - addFuel
[ debug - Sun Aug  9 00:36:19 2026]: Added the fuel again
TravelSimulator.cpp: 61 - main
[ debug - Sun Aug  9 00:36:19 2026]: Drove the cars
TravelSimulator.cpp: 72 - main
[ debug - Sun Aug  9 00:36:20 2026]: Added the fuel
TravelSimulator.cpp: 43 - main
[ debug - Sun Aug  9 00:36:20 2026]: Set the efficiency
TravelSimulator.cpp: 55 - main
[ warning - Sun Aug  9 00:36:20 2026]: The grey 2013 Toyota Corolla is full of gas. Discarding the rest...

Automobile.cpp: 30 - addFuel
[ warning - Sun Aug  9 00:36:20 2026]: The red 2012 Honda Civic is full of gas. Discarding the rest...

Automobile.cpp: 30 - addFuel
[ warning - Sun Aug  9 00:36:20 2026]: The blue 2008 Chevrolet Impala is full of gas. Discarding the rest...

Automobile.cpp: 30 - addFuel
[ warning - Sun Aug  9 00:36:20 2026]: The black 2016 Cadillac Escalade is full of gas. Discarding the rest...

Automobile.cpp: 30 - addFuel
[ debug - Sun Aug  9 00:36:20 2026]: Added the fuel again
TravelSimulator.cpp: 61 - main
[ debug - Sun Aug  9 00:36:20 2026]: Drove the cars
TravelSimulator.cpp: 72 - main
[ debug - Sun Aug  9 00:36:21 2026]: Added the fuel
TravelSimulator.cpp: 43 - main
[ error - Sun Aug  9 00:36:21 2026]: The black 2016 Cadillac Escalade has no gas left in the tank

Automobile.cpp: 43 - drive
[ debug - Sun Aug  9 00:36:21 2026]: Set the efficiency
TravelSimulator.cpp: 55 - main
[ warning - Sun Aug  9 00:36:21 2026]: The grey 2013 Toyota Corolla is full of gas. Discarding the rest...

Automobile.cpp: 30 - addFuel
[ warning - Sun Aug  9 00:36:21 2026]: The red 2012 Honda Civic is full of gas. Discarding the rest...

Automobile.cpp: 30 - addFuel
[ warning - Sun Aug  9 00:36:21 2026]: The blue 2008 Chevrolet Impala is full of gas. Discarding the rest...

Automobile.cpp: 30 - addFuel
[ debug - Sun Aug  9 00:36:21 2026]: Added the fuel again
TravelSimulator.cpp: 61 - main
[ debug - Sun Aug  9 00:36:21 2026]: Drove the cars
TravelSimulator.cpp: 72 - main
[ debug - Sun Aug  9 00:36:22 2026]: Added the fuel
TravelSimulator.cpp: 43 - main
[ debug - Sun Aug  9 00:36:22 2026]: Set the efficiency
TravelSimulator.cpp: 55 - main
[ warning - Sun Aug  9 00:36:22 2026]: The grey 2013 Toyota Corolla is full of gas. Discarding the rest...

Automobile.cpp: 30 - addFuel
[ warning - Sun Aug  9 00:36:22 2026]: The red 2012 Honda Civic is full of gas. Discarding the rest...

Automobile.cpp: 30 - addFuel
[ warning - Sun Aug  9 00:36:22 2026]: The blue 2008 Chevrolet Impala is full of gas. Discarding the rest...

Automobile.cpp: 30 - addFuel
[ warning - Sun Aug  9 00:36:22 2026]: The black 2016 Cadillac Escalade is full of gas. Discarding the rest...

Automobile.cpp: 30 - addFuel
[ debug - Sun Aug  9 00:36:22 2026]: Added the fuel again
TravelSimulator.cpp: 61 - main
[ debug - Sun Aug  9 00:36:22 2026]: Drove the cars
TravelSimulator.cpp: 72 - main
[ debug - Sun Aug  9 00:36:23 2026]: Added the fuel
TravelSimulator.cpp: 43 - main
[ error - Sun Aug  9 00:36:23 2026]: The black 2016 Cadillac Escalade has no gas left in the tank

Automobile.cpp: 43 - drive
[ debug - Sun Aug  9 00:36:23 2026]: Set the efficiency
TravelSimulator.cpp: 55 - main
[ warning - Sun Aug  9 00:36:23 2026]: The grey 2013 Toyota Corolla is full of gas. Discarding the rest...

Automobile.cpp: 30 - addFuel
[ warning - Sun Aug  9 00:36:23 2026]: The red 2012 Honda Civic is full of gas. Discarding the rest...

Automobile.cpp: 30 - addFuel
[ warning - Sun Aug  9 00:36:23 2026]: The blue 2008 Chevrolet Impala is full of gas. Discarding the rest...

Automobile.cpp: 30 - addFuel
[ debug - Sun Aug  9 00:36:23 2026]: Added the fuel again
TravelSimulator.cpp: 61 - main
[ debug - Sun Aug  9 00:36:23 2026]: Drove the cars
TravelSimulator.cpp: 72 - main
[ debug - Sun Aug  9 00:36:24 2026]: Added the fuel
TravelSimulator.cpp: 43 - main
[ error - Sun Aug  9 00:36:24 2026]: The blue 2008 Chevrolet Impala has no gas left in the tank

Automobile.cpp: 43 - drive
[ error - Sun Aug  9 00:36:24 2026]: The black 2016 Cadillac Escalade has no gas left in the tank

Automobile.cpp: 43 - drive
[ debug - Sun Aug  9 00:36:24 2026]: Set the efficiency
TravelSimulator.cpp: 55 - main
[ warning - Sun Aug  9 00:36:24 2026]: The grey 2013 Toyota Corolla is full of gas. Discarding the rest...

Automobile.cpp: 30 - addFuel
[ warning - Sun Aug  9 00:36:24 2026]: The red 2012 Honda Civic is full of gas. Discarding the rest...

Automobile.cpp: 30 - addFuel
[ debug - Sun Aug  9 00:36:24 2026]: Added the fuel again
TravelSimulator.cpp: 61 - main
[ debug - Sun Aug  9 00:36:24 2026]: Drove the cars
TravelSimulator.cpp: 72 - main
[ debug - Sun Aug  9 00:36:25 2026]: Added the fuel
TravelSimulator.cpp: 43 - main
[ debug - Sun Aug  9 00:36:25 2026]: Set the efficiency
TravelSimulator.cpp: 55 - main
[ warning - Sun Aug  9 00:36:25 2026]: The grey 2013 Toyota Corolla is full of gas. Discarding the rest...

Automobile.cpp: 30 - addFuel
[ warning - Sun Aug  9 00:36:25 2026]: The red 2012 Honda Civic is full of gas. Discarding the rest...

Automobile.cpp: 30 - addFuel
[ warning - Sun Aug  9 00:36:25 2026]: The blue 2008 Chevrolet Impala is full of gas. Discarding the rest...

Automobile.cpp: 30 - addFuel
[ warning - Sun Aug  9 00:36:25 2026]: The black 2016 Cadillac Escalade is full of gas. Discarding the rest...

Automobile.cpp: 30 - addFuel
[ debug - Sun Aug  9 00:36:25 2026]: Added the fuel again
TravelSimulator.cpp: 61 - main
[ debug - Sun Aug  9 00:36:25 2026]: Drove the cars
TravelSimulator.cpp: 72 - main
[ debug - Sun Aug  9 00:36:26 2026]: Added the fuel
TravelSimulator.cpp: 43 - main
[ error - Sun Aug  9 00:36:26 2026]: The black 2016 Cadillac Escalade has no gas left in the tank

Automobile.cpp: 43 - drive
[ debug - Sun Aug  9 00:36:26 2026]: Set the efficiency
TravelSimulator.cpp: 55 - main
[ warning - Sun Aug  9 00:36:26 2026]: The grey 2013 Toyota Corolla is full of gas. Discarding the rest...

Automobile.cpp: 30 - addFuel
[ warning - Sun Aug  9 00:36:26 2026]: The red 2012 Honda Civic is full of gas. Discarding the rest...

Automobile.cpp: 30 - addFuel
[ warning - Sun Aug  9 00:36:26 2026]: The blue 2008 Chevrolet Impala is full of gas. Discarding the rest...

Automobile.cpp: 30 - addFuel
[ debug - Sun Aug  9 00:36:26 2026]: Added the fuel again
TravelSimulator.cpp: 61 - main
[ debug - Sun Aug  9 00:36:26 2026]: Drove the cars
TravelSimulator.cpp: 72 - main
[ debug - Sun Aug  9 00:36:27 2026]: Added the fuel
TravelSimulator.cpp: 43 - main
[ debug - Sun Aug  9 00:36:27 2026]: Set the efficiency
TravelSimulator.cpp: 55 - main
[ warning - Sun Aug  9 00:36:27 2026]: The grey 2013 Toyota Corolla is full of gas. Discarding the rest...

Automobile.cpp: 30 - addFuel
[ warning - Sun Aug  9 00:36:27 2026]: The red 2012 Honda Civic is full of gas. Discarding the rest...

Automobile.cpp: 30 - addFuel
[ warning - Sun Aug  9 00:36:27 2026]: The blue 2008 Chevrolet Impala is full of gas. Discarding the rest...

Automobile.cpp: 30 - addFuel
[ warning - Sun Aug  9 00:36:27 2026]: The black 2016 Cadillac Escalade is full of gas. Discarding the rest...

Automobile.cpp: 30 - addFuel
[ debug - Sun Aug  9 00:36:27 2026]: Added the fuel again
TravelSimulator.cpp: 61 - main
[ debug - Sun Aug  9 00:36:27 2026]: Drove the cars
TravelSimulator.cpp: 72 - main
[ debug - Sun Aug  9 00:36:28 2026]: Added the fuel
TravelSimulator.cpp: 43 - main
[ error - Sun Aug  9 00:36:28 2026]: The black 2016 Cadillac Escalade has no gas left in the tank

Automobile.cpp: 43 - drive
[ debug - Sun Aug  9 00:36:28 2026]: Set the efficiency
TravelSimulator.cpp: 55 - main
[ warning - Sun Aug  9 00:36:28 2026]: The grey 2013 Toyota Corolla is full of gas. Discarding the rest...

Automobile.cpp: 30 - addFuel
[ warning - Sun Aug  9 00:36:28 2026]: The red 2012 Honda Civic is full of gas. Discarding the rest...

Automobile.cpp: 30 - addFuel
[ warning - Sun Aug  9 00:36:28 2026]: The blue 2008 Chevrolet Impala is full of gas. Discarding the rest...

Automobile.cpp: 30 - addFuel
[ debug - Sun Aug  9 00:36:28 2026]: Added the fuel again
TravelSimulator.cpp: 61 - main
[ debug - Sun Aug  9 00:36:28 2026]: Drove the cars
TravelSimulator.cpp: 72 - main
[ debug - Sun Aug  9 00:36:29 2026]: Added the fuel
TravelSimulator.cpp: 43 - main
[ error - Sun Aug  9 00:36:29 2026]: The blue 2008 Chevrolet Impala has no gas left in the tank

Automobile.cpp: 43 - drive
[ error - Sun Aug  9 00:36:29 2026]: The black 2016 Cadillac Escalade has no gas left in the tank

Automobile.cpp: 43 - drive
[ debug - Sun Aug  9 00:36:29 2026]: Set the efficiency
TravelSimulator.cpp: 55 - main
[ warning - Sun Aug  9 00:36:29 2026]: The grey 2013 Toyota Corolla is full of gas. Discarding the rest...

Automobile.cpp: 30 - addFuel
[ warning - Sun Aug  9 00:36:29 2026]: The red 2012 Honda Civic is full of gas. Discarding the rest...

Automobile.cpp: 30 - addFuel
[ debug - Sun Aug  9 00:36:29 2026]: Added the fuel again
TravelSimulator.cpp: 61 - main
[ debug - Sun Aug  9 00:36:29 2026]: Drove the cars
TravelSimulator.cpp: 72 - main
[ debug - Sun Aug  9 00:36:30 2026]: Added the fuel
TravelSimulator.cpp: 43 - main
[ debug - Sun Aug  9 00:36:30 2026]: Set the efficiency
TravelSimulator.cpp: 55 - main
[ warning - Sun Aug  9 00:36:30 2026]: The grey 2013 Toyota Corolla is full of gas. Discarding the rest...

Automobile.cpp: 30 - addFuel
[ warning - Sun Aug  9 00:36:30 2026]: The red 2012 Honda Civic is full of gas. Discarding the rest...

Automobile.cpp: 30 - addFuel
[ warning - Sun Aug  9 00:36:30 2026]: The blue 2008 Chevrolet Impala is full of gas. Discarding the rest...

Automobile.cpp: 30 - addFuel
[ warning - Sun Aug  9 00:36:30 2026]: The black 2016 Cadillac Escalade is full of gas. Discarding the rest...

Automobile.cpp: 30 - addFuel
[ debug - Sun Aug  9 00:36:30 2026]: Added the fuel again
TravelSimulator.cpp: 61 - main
[ debug - Sun Aug  9 00:36:30 2026]: Drove the cars
TravelSimulator.cpp: 72 - main
[ debug - Sun Aug  9 00:36:31 2026]: Added the fuel
TravelSimulator.cpp: 43 - main
[ error - Sun Aug  9 00:36:31 2026]: The black 2016 Cadillac Escalade has no gas left in the tank

Automobile.cpp: 43 - drive
[ debug - Sun Aug  9 00:36:31 2026]: Set the efficiency
TravelSimulator.cpp: 55 - main
[ warning - Sun Aug  9 00:36:31 2026]: The grey 2013 Toyota Corolla is full of gas. Discarding the rest...

Automobile.cpp: 30 - addFuel
[ warning - Sun Aug  9 00:36:31 2026]: The red 2012 Honda Civic is full of gas. Discarding the rest...

Automobile.cpp: 30 - addFuel
[ warning - Sun Aug  9 00:36:31 2026]: The blue 2008 Chevrolet Impala is full of gas. Discarding the rest...

Automobile.cpp: 30 - addFuel
[ debug - Sun Aug  9 00:36:31 2026]: Added the fuel again
TravelSimulator.cpp: 61 - main
[ debug - Sun Aug  9 00:36:31 2026]: Drove the cars
TravelSimulator.cpp: 72 - main
[ debug - Sun Aug  9 00:36:32 2026]: Added the fuel
TravelSimulator.cpp: 43 - main
[ debug - Sun Aug  9 00:36:32 2026]: Set the efficiency
TravelSimulator.cpp: 55 - main
[ warning - Sun Aug  9 00:36:32 2026]: The grey 2013 Toyota Corolla is full of gas. Discarding the rest...

Automobile.cpp: 30 - addFuel
[ warning - Sun Aug  9 00:36:32 2026]: The red 2012 Honda Civic is full of gas. Discarding the rest...

Automobile.cpp: 30 - addFuel
[ warning - Sun Aug  9 00:36:32 2026]: The blue 2008 Chevrolet Impala is full of gas. Discarding the rest...

Automobile.cpp: 30 - addFuel
[ warning - Sun Aug  9 00:36:32 2026]: The black 2016 Cadillac Escalade is full of gas. Discarding the rest...

Automobile.cpp: 30 - addFuel
[ debug - Sun Aug  9 00:36:32 2026]: Added the fuel again
TravelSimulator.cpp: 61 - main
[ debug - Sun Aug  9 00:36:32 2026]: Drove the cars
TravelSimulator.cpp: 72 - main
[ debug - Sun Aug  9 00:36:33 2026]: Added the fuel
TravelSimulator.cpp: 43 - main
[ error - Sun Aug  9 00:36:33 2026]: The black 2016 Cadillac Escalade has no gas left in the tank

Automobile.cpp: 43 - drive
[ debug - Sun Aug  9 00:36:33 2026]: Set the efficiency
TravelSimulator.cpp: 55 - main
[ warning - Sun Aug  9 00:36:33 2026]: The grey 2013 Toyota Corolla is full of gas. Discarding the rest...

Automobile.cpp: 30 - addFuel
[ warning - Sun Aug  9 00:36:33 2026]: The red 2012 Honda Civic is full of gas. Discarding the rest...

Automobile.cpp: 30 - addFuel
[ warning - Sun Aug  9 00:36:33 2026]: The blue 2008 Chevrolet Impala is full of gas. Discarding the rest...

Automobile.cpp: 30 - addFuel
[ debug - Sun Aug  9 00:36:33 2026]: Added the fuel again
TravelSimulator.cpp: 61 - main
[ debug - Sun Aug  9 00:36:33 2026]: Drove the cars
TravelSimulator.cpp: 72 - main
[ error - Sun Aug  9 00:36:34 2026]: The blue 2008 Chevrolet Impala has no gas left in the tank

Automobile.cpp: 43 - drive
[ error - Sun Aug  9 00:36:34 2026]: The black 2016 Cadillac Escalade has no gas left in the tank

Automobile.cpp: 43 - drive
[ warning - Sun Aug  9 00:36:34 2026]: The grey 2013 Toyota Corolla is full of gas. Discarding the rest...

Automobile.cpp: 30 - addFuel
[ warning - Sun Aug  9 00:36:34 2026]: The red 2012 Honda Civic is full of gas. Discarding the rest...

Automobile.cpp: 30 - addFuel
[ warning - Sun Aug  9 00:36:35 2026]: The grey 2013 Toyota Corolla is full of gas. Discarding the rest...

Automobile.cpp: 30 - addFuel
[ warning - Sun Aug  9 00:36:35 2026]: The red 2012 Honda Civic is full of gas. Discarding the rest...

Automobile.cpp: 30 - addFuel
[ warning - Sun Aug  9 00:36:35 2026]: The blue 2008 Chevrolet Impala is full of gas. Discarding the rest...

Automobile.cpp: 30 - addFuel
[ warning - Sun Aug  9 00:36:35 2026]: The black 2016 Cadillac Escalade is full of gas. Discarding the rest...

Automobile.cpp: 30 - addFuel
[ error - Sun Aug  9 00:36:36 2026]: The black 2016 Cadillac Escalade has no gas left in the tank

Automobile.cpp: 43 - drive
[ warning - Sun Aug  9 00:36:36 2026]: The grey 2013 Toyota Corolla is full of gas. Discarding the rest...

Automobile.cpp: 30 - addFuel
[ warning - Sun Aug  9 00:36:36 2026]: The red 2012 Honda Civic is full of gas. Discarding the rest...

Automobile.cpp: 30 - addFuel
[ warning - Sun Aug  9 00:36:36 2026]: The blue 2008 Chevrolet Impala is full of gas. Discarding the rest...

Automobile.cpp: 30 - addFuel
[ warning - Sun Aug  9 00:36:37 2026]: The grey 2013 Toyota Corolla is full of gas. Discarding the rest...

Automobile.cpp: 30 - addFuel
[ warning - Sun Aug  9 00:36:37 2026]: The red 2012 Honda Civic is full of gas. Discarding the rest...

Automobile.cpp: 30 - addFuel
[ warning - Sun Aug  9 00:36:37 2026]: The blue 2008 Chevrolet Impala is full of gas. Discarding the rest...

Automobile.cpp: 30 - addFuel
[ warning - Sun Aug  9 00:36:37 2026]: The black 2016 Cadillac Escalade is full of gas. Discarding the rest...

Automobile.cpp: 30 - addFuel
[ error - Sun Aug  9 00:36:38 2026]: The black 2016 Cadillac Escalade has no gas left in the tank

Automobile.cpp: 43 - drive
[ warning - Sun Aug  9 00:36:38 2026]: The grey 2013 Toyota Corolla is full of gas. Discarding the rest...

Automobile.cpp: 30 - addFuel
[ warning - Sun Aug  9 00:36:38 2026]: The red 2012 Honda Civic is full of gas. Discarding the rest...

Automobile.cpp: 30 - addFuel
[ warning - Sun Aug  9 00:36:38 2026]: The blue 2008 Chevrolet Impala is full of gas. Discarding the rest...

Automobile.cpp: 30 - addFuel
[ error - Sun Aug  9 00:36:39 2026]: The blue 2008 Chevrolet Impala has no gas left in the tank

Automobile.cpp: 43 - drive
[ error - Sun Aug  9 00:36:39 2026]: The black 2016 Cadillac Escalade has no gas left in the tank

Automobile.cpp: 43 - drive
[ warning - Sun Aug  9 00:36:39 2026]: The grey 2013 Toyota Corolla is full of gas. Discarding the rest...

Automobile.cpp: 30 - addFuel
[ warning - Sun Aug  9 00:36:39 2026]: The red 2012 Honda Civic is full of gas. Discarding the rest...

Automobile.cpp: 30 - addFuel
[ warning - Sun Aug  9 00:36:40 2026]: The grey 2013 Toyota Corolla is full of gas. Discarding the rest...

Automobile.cpp: 30 - addFuel
[ warning - Sun Aug  9 00:36:40 2026]: The red 2012 Honda Civic is full of gas. Discarding the rest...

Automobile.cpp: 30 - addFuel
[ warning - Sun Aug  9 00:36:40 2026]: The blue 2008 Chevrolet Impala is full of gas. Discarding the rest...

Automobile.cpp: 30 - addFuel
[ warning - Sun Aug  9 00:36:40 2026]: The black 2016 Cadillac Escalade is full of gas. Discarding the rest...

Automobile.cpp: 30 - addFuel
[ error - Sun Aug  9 00:36:41 2026]: The black 2016 Cadillac Escalade has no gas left in the tank

Automobile.cpp: 43 - drive
[ warning - Sun Aug  9 00:36:41 2026]: The grey 2013 Toyota Corolla is full of gas. Discarding the rest...

Automobile.cpp: 30 - addFuel
[ warning - Sun Aug  9 00:36:41 2026]: The red 2012 Honda Civic is full of gas. Discarding the rest...

Automobile.cpp: 30 - addFuel
[ warning - Sun Aug  9 00:36:41 2026]: The blue 2008 Chevrolet Impala is full of gas. Discarding the rest...

Automobile.cpp: 30 - addFuel
[ warning - Sun Aug  9 00:36:42 2026]: The grey 2013 Toyota Corolla is full of gas. Discarding the rest...

Automobile.cpp: 30 - addFuel
[ warning - Sun Aug  9 00:36:42 2026]: The red 2012 Honda Civic is full of gas. Discarding the rest...

Automobile.cpp: 30 - addFuel
[ warning - Sun Aug  9 00:36:42 2026]: The blue 2008 Chevrolet Impala is full of gas. Discarding the rest...

Automobile.cpp: 30 - addFuel
[ warning - Sun Aug  9 00:36:42 2026]: The black 2016 Cadillac Escalade is full of gas. Discarding the rest...

Automobile.cpp: 30 - addFuel
[ error - Sun Aug  9 00:36:43 2026]: The black 2016 Cadillac Escalade has no gas left in the tank

Automobile.cpp: 43 - drive
[ warning - Sun Aug  9 00:36:43 2026]: The grey 2013 Toyota Corolla is full of gas. Discarding the rest...

Automobile.cpp: 30 - addFuel
[ warning - Sun Aug  9 00:36:43 2026]: The red 2012 Honda Civic is full of gas. Discarding the rest...

Automobile.cpp: 30 - addFuel
[ warning - Sun Aug  9 00:36:43 2026]: The blue 2008 Chevrolet Impala is full of gas. Discarding the rest...

Automobile.cpp: 30 - addFuel
[ error - Sun Aug  9 00:36:44 2026]: The blue 2008 Chevrolet Impala has no gas left in the tank

Automobile.cpp: 43 - drive
[ error - Sun Aug  9 00:36:44 2026]: The black 2016 Cadillac Escalade has no gas left in the tank

Automobile.cpp: 43 - drive
[ warning - Sun Aug  9 00:36:44 2026]: The grey 2013 Toyota Corolla is full of gas. Discarding the rest...

Automobile.cpp: 30 - addFuel
[ warning - Sun Aug  9 00:36:44 2026]: The red 2012 Honda Civic is full of gas. Discarding the rest...

Automobile.cpp: 30 - addFuel
[ warning - Sun Aug  9 00:36:45 2026]: The grey 2013 Toyota Corolla is full of gas. Discarding the rest...

Automobile.cpp: 30 - addFuel
[ warning - Sun Aug  9 00:36:45 2026]: The red 2012 Honda Civic is full of gas. Discarding the rest...

Automobile.cpp: 30 - addFuel
[ warning - Sun Aug  9 00:36:45 2026]: The blue 2008 Chevrolet Impala is full of gas. Discarding the rest...

Automobile.cpp: 30 - addFuel
[ warning - Sun Aug  9 00:36:45 2026]: The black 2016 Cadillac Escalade is full of gas. Discarding the rest...

Automobile.cpp: 30 - addFuel
[ error - Sun Aug  9 00:36:46 2026]: The black 2016 Cadillac Escalade has no gas left in the tank

Automobile.cpp: 43 - drive
[ warning - Sun Aug  9 00:36:46 2026]: The grey 2013 Toyota Corolla is full of gas. Discarding the rest...

Automobile.cpp: 30 - addFuel
[ warning - Sun Aug  9 00:36:46 2026]: The red 2012 Honda Civic is full of gas. Discarding the rest...

Automobile.cpp: 30 - addFuel
[ warning - Sun Aug  9 00:36:46 2026]: The blue 2008 Chevrolet Impala is full of gas. Discarding the rest...

Automobile.cpp: 30 - addFuel
[ error - Sun Aug  9 00:36:48 2026]: The black 2016 Cadillac Escalade has no gas left in the tank

Automobile.cpp: 43 - drive
[ error - Sun Aug  9 00:36:49 2026]: The blue 2008 Chevrolet Impala has no gas left in the tank

Automobile.cpp: 43 - drive
[ error - Sun Aug  9 00:36:49 2026]: The black 2016 Cadillac Escalade has no gas left in the tank

Automobile.cpp: 43 - drive
[ error - Sun Aug  9 00:36:51 2026]: The black 2016 Cadillac Escalade has no gas left in the tank

Automobile.cpp: 43 - drive
[ error - Sun Aug  9 00:36:53 2026]: The black 2016 Cadillac Escalade has no gas left in the tank

Automobile.cpp: 43 - drive
